Archive member included to satisfy reference by file (symbol)

c:/st/stm32cubeide_1.11.2/stm32cubeide/plugins/com.st.stm32cube.ide.mcu.externaltools.gnu-tools-for-stm32.10.3-2021.10.win32_1.0.100.202210260954/tools/bin/../lib/gcc/arm-none-eabi/10.3.1/../../../../arm-none-eabi/lib/thumb/v7e-m+dp/hard\libc_nano.a(lib_a-errno.o)
                              ./Core/Src/syscalls.o (__errno)
c:/st/stm32cubeide_1.11.2/stm32cubeide/plugins/com.st.stm32cube.ide.mcu.externaltools.gnu-tools-for-stm32.10.3-2021.10.win32_1.0.100.202210260954/tools/bin/../lib/gcc/arm-none-eabi/10.3.1/../../../../arm-none-eabi/lib/thumb/v7e-m+dp/hard\libc_nano.a(lib_a-exit.o)
                              c:/st/stm32cubeide_1.11.2/stm32cubeide/plugins/com.st.stm32cube.ide.mcu.externaltools.gnu-tools-for-stm32.10.3-2021.10.win32_1.0.100.202210260954/tools/bin/../lib/gcc/arm-none-eabi/10.3.1/../../../../arm-none-eabi/lib/thumb/v7e-m+dp/hard/crt0.o (exit)
c:/st/stm32cubeide_1.11.2/stm32cubeide/plugins/com.st.stm32cube.ide.mcu.externaltools.gnu-tools-for-stm32.10.3-2021.10.win32_1.0.100.202210260954/tools/bin/../lib/gcc/arm-none-eabi/10.3.1/../../../../arm-none-eabi/lib/thumb/v7e-m+dp/hard\libc_nano.a(lib_a-impure.o)
                              c:/st/stm32cubeide_1.11.2/stm32cubeide/plugins/com.st.stm32cube.ide.mcu.externaltools.gnu-tools-for-stm32.10.3-2021.10.win32_1.0.100.202210260954/tools/bin/../lib/gcc/arm-none-eabi/10.3.1/../../../../arm-none-eabi/lib/thumb/v7e-m+dp/hard\libc_nano.a(lib_a-exit.o) (_global_impure_ptr)
c:/st/stm32cubeide_1.11.2/stm32cubeide/plugins/com.st.stm32cube.ide.mcu.externaltools.gnu-tools-for-stm32.10.3-2021.10.win32_1.0.100.202210260954/tools/bin/../lib/gcc/arm-none-eabi/10.3.1/../../../../arm-none-eabi/lib/thumb/v7e-m+dp/hard\libc_nano.a(lib_a-init.o)
                              c:/st/stm32cubeide_1.11.2/stm32cubeide/plugins/com.st.stm32cube.ide.mcu.externaltools.gnu-tools-for-stm32.10.3-2021.10.win32_1.0.100.202210260954/tools/bin/../lib/gcc/arm-none-eabi/10.3.1/../../../../arm-none-eabi/lib/thumb/v7e-m+dp/hard/crt0.o (__libc_init_array)
c:/st/stm32cubeide_1.11.2/stm32cubeide/plugins/com.st.stm32cube.ide.mcu.externaltools.gnu-tools-for-stm32.10.3-2021.10.win32_1.0.100.202210260954/tools/bin/../lib/gcc/arm-none-eabi/10.3.1/../../../../arm-none-eabi/lib/thumb/v7e-m+dp/hard\libc_nano.a(lib_a-memcpy-stub.o)
                              ./Core/Src/main.o (memcpy)
c:/st/stm32cubeide_1.11.2/stm32cubeide/plugins/com.st.stm32cube.ide.mcu.externaltools.gnu-tools-for-stm32.10.3-2021.10.win32_1.0.100.202210260954/tools/bin/../lib/gcc/arm-none-eabi/10.3.1/../../../../arm-none-eabi/lib/thumb/v7e-m+dp/hard\libc_nano.a(lib_a-memset.o)
                              c:/st/stm32cubeide_1.11.2/stm32cubeide/plugins/com.st.stm32cube.ide.mcu.externaltools.gnu-tools-for-stm32.10.3-2021.10.win32_1.0.100.202210260954/tools/bin/../lib/gcc/arm-none-eabi/10.3.1/../../../../arm-none-eabi/lib/thumb/v7e-m+dp/hard/crt0.o (memset)

Discarded input sections

 .text          0x0000000000000000        0x0 c:/st/stm32cubeide_1.11.2/stm32cubeide/plugins/com.st.stm32cube.ide.mcu.externaltools.gnu-tools-for-stm32.10.3-2021.10.win32_1.0.100.202210260954/tools/bin/../lib/gcc/arm-none-eabi/10.3.1/thumb/v7e-m+dp/hard/crti.o
 .data          0x0000000000000000        0x0 c:/st/stm32cubeide_1.11.2/stm32cubeide/plugins/com.st.stm32cube.ide.mcu.externaltools.gnu-tools-for-stm32.10.3-2021.10.win32_1.0.100.202210260954/tools/bin/../lib/gcc/arm-none-eabi/10.3.1/thumb/v7e-m+dp/hard/crti.o
 .bss           0x0000000000000000        0x0 c:/st/stm32cubeide_1.11.2/stm32cubeide/plugins/com.st.stm32cube.ide.mcu.externaltools.gnu-tools-for-stm32.10.3-2021.10.win32_1.0.100.202210260954/tools/bin/../lib/gcc/arm-none-eabi/10.3.1/thumb/v7e-m+dp/hard/crti.o
 .data          0x0000000000000000        0x4 c:/st/stm32cubeide_1.11.2/stm32cubeide/plugins/com.st.stm32cube.ide.mcu.externaltools.gnu-tools-for-stm32.10.3-2021.10.win32_1.0.100.202210260954/tools/bin/../lib/gcc/arm-none-eabi/10.3.1/thumb/v7e-m+dp/hard/crtbegin.o
 .rodata        0x0000000000000000       0x24 c:/st/stm32cubeide_1.11.2/stm32cubeide/plugins/com.st.stm32cube.ide.mcu.externaltools.gnu-tools-for-stm32.10.3-2021.10.win32_1.0.100.202210260954/tools/bin/../lib/gcc/arm-none-eabi/10.3.1/thumb/v7e-m+dp/hard/crtbegin.o
 .text          0x0000000000000000       0x7c c:/st/stm32cubeide_1.11.2/stm32cubeide/plugins/com.st.stm32cube.ide.mcu.externaltools.gnu-tools-for-stm32.10.3-2021.10.win32_1.0.100.202210260954/tools/bin/../lib/gcc/arm-none-eabi/10.3.1/../../../../arm-none-eabi/lib/thumb/v7e-m+dp/hard/crt0.o
 .data          0x0000000000000000        0x0 c:/st/stm32cubeide_1.11.2/stm32cubeide/plugins/com.st.stm32cube.ide.mcu.externaltools.gnu-tools-for-stm32.10.3-2021.10.win32_1.0.100.202210260954/tools/bin/../lib/gcc/arm-none-eabi/10.3.1/../../../../arm-none-eabi/lib/thumb/v7e-m+dp/hard/crt0.o
[...]
Memory Configuration

Name             Origin             Length             Attributes
FLASH            0x0000000008000000 0x0000000000020000 xr
DTCMRAM          0x0000000020000000 0x0000000000020000 xrw
RAM_D1           0x0000000024000000 0x0000000000080000 xrw
RAM_D2           0x0000000030000000 0x0000000000048000 xrw
RAM_D3           0x0000000038000000 0x0000000000010000 xrw
ITCMRAM          0x0000000000000000 0x0000000000010000 xrw
*default*        0x0000000000000000 0xffffffffffffffff

Linker script and memory map

LOAD c:/st/stm32cubeide_1.11.2/stm32cubeide/plugins/com.st.stm32cube.ide.mcu.externaltools.gnu-tools-for-stm32.10.3-2021.10.win32_1.0.100.202210260954/tools/bin/../lib/gcc/arm-none-eabi/10.3.1/thumb/v7e-m+dp/hard/crti.o
LOAD c:/st/stm32cubeide_1.11.2/stm32cubeide/plugins/com.st.stm32cube.ide.mcu.externaltools.gnu-tools-for-stm32.10.3-2021.10.win32_1.0.100.202210260954/tools/bin/../lib/gcc/arm-none-eabi/10.3.1/thumb/v7e-m+dp/hard/crtbegin.o
LOAD c:/st/stm32cubeide_1.11.2/stm32cubeide/plugins/com.st.stm32cube.ide.mcu.externaltools.gnu-tools-for-stm32.10.3-2021.10.win32_1.0.100.202210260954/tools/bin/../lib/gcc/arm-none-eabi/10.3.1/../../../../arm-none-eabi/lib/thumb/v7e-m+dp/hard/crt0.o
LOAD ./Core/Src/main.o
LOAD ./Core/Src/stm32h7xx_hal_msp.o
LOAD ./Core/Src/stm32h7xx_it.o
LOAD ./Core/Src/syscalls.o
LOAD ./Core/Src/sysmem.o
LOAD ./Core/Src/system_stm32h7xx.o
LOAD ./Core/Startup/startup_stm32h750vbtx.o
LOAD ./Drivers/EEMProtocol/src/CAN_SPI.o
LOAD ./Drivers/EEMProtocol/src/EEMProtocol.o
LOAD ./Drivers/EEMProtocol/src/EEMProtocol_Config.o
LOAD ./Drivers/EEMProtocol/src/MCP2515.o
LOAD ./Drivers/STM32H7xx_HAL_Driver/Src/stm32h7xx_hal.o
LOAD ./Drivers/STM32H7xx_HAL_Driver/Src/stm32h7xx_hal_cortex.o
LOAD ./Drivers/STM32H7xx_HAL_Driver/Src/stm32h7xx_hal_dma.o
LOAD ./Drivers/STM32H7xx_HAL_Driver/Src/stm32h7xx_hal_dma_ex.o
LOAD ./Drivers/STM32H7xx_HAL_Driver/Src/stm32h7xx_hal_exti.o
LOAD ./Drivers/STM32H7xx_HAL_Driver/Src/stm32h7xx_hal_fdcan.o
LOAD ./Drivers/STM32H7xx_HAL_Driver/Src/stm32h7xx_hal_flash.o
LOAD ./Drivers/STM32H7xx_HAL_Driver/Src/stm32h7xx_hal_flash_ex.o
LOAD ./Drivers/STM32H7xx_HAL_Driver/Src/stm32h7xx_hal_gpio.o
LOAD ./Drivers/STM32H7xx_HAL_Driver/Src/stm32h7xx_hal_hsem.o
LOAD ./Drivers/STM32H7xx_HAL_Driver/Src/stm32h7xx_hal_i2c.o
LOAD ./Drivers/STM32H7xx_HAL_Driver/Src/stm32h7xx_hal_i2c_ex.o
LOAD ./Drivers/STM32H7xx_HAL_Driver/Src/stm32h7xx_hal_mdma.o
LOAD ./Drivers/STM32H7xx_HAL_Driver/Src/stm32h7xx_hal_pwr.o
LOAD ./Drivers/STM32H7xx_HAL_Driver/Src/stm32h7xx_hal_pwr_ex.o
LOAD ./Drivers/STM32H7xx_HAL_Driver/Src/stm32h7xx_hal_rcc.o
LOAD ./Drivers/STM32H7xx_HAL_Driver/Src/stm32h7xx_hal_rcc_ex.o
LOAD ./Drivers/STM32H7xx_HAL_Driver/Src/stm32h7xx_hal_tim.o
LOAD ./Drivers/STM32H7xx_HAL_Driver/Src/stm32h7xx_hal_tim_ex.o
START GROUP
LOAD c:/st/stm32cubeide_1.11.2/stm32cubeide/plugins/com.st.stm32cube.ide.mcu.externaltools.gnu-tools-for-stm32.10.3-2021.10.win32_1.0.100.202210260954/tools/bin/../lib/gcc/arm-none-eabi/10.3.1/../../../../arm-none-eabi/lib/thumb/v7e-m+dp/hard\libc_nano.a
LOAD c:/st/stm32cubeide_1.11.2/stm32cubeide/plugins/com.st.stm32cube.ide.mcu.externaltools.gnu-tools-for-stm32.10.3-2021.10.win32_1.0.100.202210260954/tools/bin/../lib/gcc/arm-none-eabi/10.3.1/../../../../arm-none-eabi/lib/thumb/v7e-m+dp/hard\libm.a
END GROUP
START GROUP
LOAD c:/st/stm32cubeide_1.11.2/stm32cubeide/plugins/com.st.stm32cube.ide.mcu.externaltools.gnu-tools-for-stm32.10.3-2021.10.win32_1.0.100.202210260954/tools/bin/../lib/gcc/arm-none-eabi/10.3.1/thumb/v7e-m+dp/hard\libgcc.a
LOAD c:/st/stm32cubeide_1.11.2/stm32cubeide/plugins/com.st.stm32cube.ide.mcu.externaltools.gnu-tools-for-stm32.10.3-2021.10.win32_1.0.100.202210260954/tools/bin/../lib/gcc/arm-none-eabi/10.3.1/../../../../arm-none-eabi/lib/thumb/v7e-m+dp/hard\libc_nano.a
END GROUP
START GROUP
LOAD c:/st/stm32cubeide_1.11.2/stm32cubeide/plugins/com.st.stm32cube.ide.mcu.externaltools.gnu-tools-for-stm32.10.3-2021.10.win32_1.0.100.202210260954/tools/bin/../lib/gcc/arm-none-eabi/10.3.1/thumb/v7e-m+dp/hard\libgcc.a
LOAD c:/st/stm32cubeide_1.11.2/stm32cubeide/plugins/com.st.stm32cube.ide.mcu.externaltools.gnu-tools-for-stm32.10.3-2021.10.win32_1.0.100.202210260954/tools/bin/../lib/gcc/arm-none-eabi/10.3.1/../../../../arm-none-eabi/lib/thumb/v7e-m+dp/hard\libc_nano.a
LOAD c:/st/stm32cubeide_1.11.2/stm32cubeide/plugins/com.st.stm32cube.ide.mcu.externaltools.gnu-tools-for-stm32.10.3-2021.10.win32_1.0.100.202210260954/tools/bin/../lib/gcc/arm-none-eabi/10.3.1/../../../../arm-none-eabi/lib/thumb/v7e-m+dp/hard\libnosys.a
END GROUP
START GROUP
LOAD c:/st/stm32cubeide_1.11.2/stm32cubeide/plugins/com.st.stm32cube.ide.mcu.externaltools.gnu-tools-for-stm32.10.3-2021.10.win32_1.0.100.202210260954/tools/bin/../lib/gcc/arm-none-eabi/10.3.1/thumb/v7e-m+dp/hard\libgcc.a
LOAD c:/st/stm32cubeide_1.11.2/stm32cubeide/plugins/com.st.stm32cube.ide.mcu.externaltools.gnu-tools-for-stm32.10.3-2021.10.win32_1.0.100.202210260954/tools/bin/../lib/gcc/arm-none-eabi/10.3.1/../../../../arm-none-eabi/lib/thumb/v7e-m+dp/hard\libc_nano.a
LOAD c:/st/stm32cubeide_1.11.2/stm32cubeide/plugins/com.st.stm32cube.ide.mcu.externaltools.gnu-tools-for-stm32.10.3-2021.10.win32_1.0.100.202210260954/tools/bin/../lib/gcc/arm-none-eabi/10.3.1/../../../../arm-none-eabi/lib/thumb/v7e-m+dp/hard\libnosys.a
END GROUP
LOAD c:/st/stm32cubeide_1.11.2/stm32cubeide/plugins/com.st.stm32cube.ide.mcu.externaltools.gnu-tools-for-stm32.10.3-2021.10.win32_1.0.100.202210260954/tools/bin/../lib/gcc/arm-none-eabi/10.3.1/thumb/v7e-m+dp/hard/crtend.o
LOAD c:/st/stm32cubeide_1.11.2/stm32cubeide/plugins/com.st.stm32cube.ide.mcu.externaltools.gnu-tools-for-stm32.10.3-2021.10.win32_1.0.100.202210260954/tools/bin/../lib/gcc/arm-none-eabi/10.3.1/thumb/v7e-m+dp/hard/crtn.o
                0x0000000024080000                _estack = (ORIGIN (RAM_D1) + LENGTH (RAM_D1))
                0x0000000000002000                _Min_Heap_Size = 0x2000
                0x0000000000004000                _Min_Stack_Size = 0x4000

.isr_vector     0x0000000008000000      0x298
                0x0000000008000000                . = ALIGN (0x4)
 *(.isr_vector)
 .isr_vector    0x0000000008000000      0x298 ./Core/Startup/startup_stm32h750vbtx.o
                0x0000000008000000                g_pfnVectors
                0x0000000008000298                . = ALIGN (0x4)

.text           0x0000000008000298     0x5f04
                0x0000000008000298                . = ALIGN (0x4)
 *(.text)
 .text          0x0000000008000298       0x40 c:/st/stm32cubeide_1.11.2/stm32cubeide/plugins/com.st.stm32cube.ide.mcu.externaltools.gnu-tools-for-stm32.10.3-2021.10.win32_1.0.100.202210260954/tools/bin/../lib/gcc/arm-none-eabi/10.3.1/thumb/v7e-m+dp/hard/crtbegin.o
 *(.text*)
 .text.HAL_FDCAN_RxFifo0Callback
                0x00000000080002d8       0x84 ./Core/Src/main.o
                0x00000000080002d8                HAL_FDCAN_RxFifo0Callback
 .text.HAL_FDCAN_TxBufferCompleteCallback
                0x000000000800035c       0x16 ./Core/Src/main.o
                0x000000000800035c                HAL_FDCAN_TxBufferCompleteCallback
 *fill*         0x0000000008000372        0x2 
 .text.main     0x0000000008000374       0xa0 ./Core/Src/main.o
                0x0000000008000374                main
 .text.SystemClock_Config
                0x0000000008000414       0xfc ./Core/Src/main.o
                0x0000000008000414                SystemClock_Config
 .text.MX_FDCAN1_Init
                0x0000000008000510       0xc8 ./Core/Src/main.o
 .text.MX_GPIO_Init
                0x00000000080005d8       0x34 ./Core/Src/main.o
 .text.MPU_Config
                0x000000000800060c       0x58 ./Core/Src/main.o
 .text.Error_Handler
                0x0000000008000664        0xa ./Core/Src/main.o
                0x0000000008000664                Error_Handler
 *fill*         0x000000000800066e        0x2 
 .text.HAL_MspInit
                0x0000000008000670       0x34 ./Core/Src/stm32h7xx_hal_msp.o
                0x0000000008000670                HAL_MspInit
 .text.HAL_FDCAN_MspInit
                0x00000000080006a4       0xf4 ./Core/Src/stm32h7xx_hal_msp.o
                0x00000000080006a4                HAL_FDCAN_MspInit
 .text.NMI_Handler
                0x0000000008000798        0x6 ./Core/Src/stm32h7xx_it.o
                0x0000000008000798                NMI_Handler
 .text.HardFault_Handler
                0x000000000800079e        0x6 ./Core/Src/stm32h7xx_it.o
                0x000000000800079e                HardFault_Handler
 .text.MemManage_Handler
                0x00000000080007a4        0x6 ./Core/Src/stm32h7xx_it.o
                0x00000000080007a4                MemManage_Handler
 .text.BusFault_Handler
                0x00000000080007aa        0x6 ./Core/Src/stm32h7xx_it.o
                0x00000000080007aa                BusFault_Handler
 .text.UsageFault_Handler
                0x00000000080007b0        0x6 ./Core/Src/stm32h7xx_it.o
                0x00000000080007b0                UsageFault_Handler
 .text.SVC_Handler
                0x00000000080007b6        0xe ./Core/Src/stm32h7xx_it.o
                0x00000000080007b6                SVC_Handler
 .text.DebugMon_Handler
                0x00000000080007c4        0xe ./Core/Src/stm32h7xx_it.o
                0x00000000080007c4                DebugMon_Handler
 .text.PendSV_Handler
                0x00000000080007d2        0xe ./Core/Src/stm32h7xx_it.o
                0x00000000080007d2                PendSV_Handler
 .text.SysTick_Handler
                0x00000000080007e0        0xc ./Core/Src/stm32h7xx_it.o
                0x00000000080007e0                SysTick_Handler
 .text.FDCAN1_IT0_IRQHandler
                0x00000000080007ec       0x14 ./Core/Src/stm32h7xx_it.o
                0x00000000080007ec                FDCAN1_IT0_IRQHandler
 .text.FDCAN1_IT1_IRQHandler
                0x0000000008000800       0x14 ./Core/Src/stm32h7xx_it.o
                0x0000000008000800                FDCAN1_IT1_IRQHandler
 .text.SystemInit
                0x0000000008000814      0x110 ./Core/Src/system_stm32h7xx.o
                0x0000000008000814                SystemInit
 .text.Reset_Handler
                0x0000000008000924       0x50 ./Core/Startup/startup_stm32h750vbtx.o
                0x0000000008000924                Reset_Handler
 .text.Default_Handler
                0x0000000008000974        0x2 ./Core/Startup/startup_stm32h750vbtx.o
                0x0000000008000974                RTC_Alarm_IRQHandler
                0x0000000008000974                HASH_RNG_IRQHandler
                0x0000000008000974                EXTI2_IRQHandler
                0x0000000008000974                TIM8_CC_IRQHandler
                0x0000000008000974                HRTIM1_Master_IRQHandler
                0x0000000008000974                UART8_IRQHandler
                0x0000000008000974                SPI4_IRQHandler
                0x0000000008000974                TIM1_CC_IRQHandler
                0x0000000008000974                BDMA_Channel6_IRQHandler
                0x0000000008000974                DMA2_Stream5_IRQHandler
                0x0000000008000974                HRTIM1_FLT_IRQHandler
                0x0000000008000974                JPEG_IRQHandler
                0x0000000008000974                DMA1_Stream5_IRQHandler
                0x0000000008000974                BDMA_Channel1_IRQHandler
                0x0000000008000974                HRTIM1_TIMD_IRQHandler
                0x0000000008000974                TAMP_STAMP_IRQHandler
                0x0000000008000974                EXTI3_IRQHandler
                0x0000000008000974                LPTIM4_IRQHandler
                0x0000000008000974                TIM8_TRG_COM_TIM14_IRQHandler
                0x0000000008000974                LPTIM2_IRQHandler
                0x0000000008000974                DFSDM1_FLT1_IRQHandler
                0x0000000008000974                DMAMUX2_OVR_IRQHandler
                0x0000000008000974                TIM8_UP_TIM13_IRQHandler
                0x0000000008000974                I2C3_ER_IRQHandler
                0x0000000008000974                DFSDM1_FLT2_IRQHandler
                0x0000000008000974                MDMA_IRQHandler
                0x0000000008000974                LPTIM3_IRQHandler
                0x0000000008000974                HSEM1_IRQHandler
                0x0000000008000974                EXTI0_IRQHandler
                0x0000000008000974                I2C2_EV_IRQHandler
                0x0000000008000974                DMA1_Stream2_IRQHandler
                0x0000000008000974                FPU_IRQHandler
                0x0000000008000974                OTG_HS_WKUP_IRQHandler
                0x0000000008000974                LTDC_ER_IRQHandler
                0x0000000008000974                DMA2_Stream2_IRQHandler
                0x0000000008000974                HRTIM1_TIME_IRQHandler
                0x0000000008000974                SPI1_IRQHandler
                0x0000000008000974                TIM6_DAC_IRQHandler
                0x0000000008000974                DCMI_IRQHandler
                0x0000000008000974                HRTIM1_TIMC_IRQHandler
                0x0000000008000974                DMA2_Stream3_IRQHandler
                0x0000000008000974                SAI2_IRQHandler
                0x0000000008000974                DFSDM1_FLT3_IRQHandler
                0x0000000008000974                USART6_IRQHandler
                0x0000000008000974                TIM17_IRQHandler
                0x0000000008000974                USART3_IRQHandler
                0x0000000008000974                BDMA_Channel7_IRQHandler
                0x0000000008000974                CRYP_IRQHandler
                0x0000000008000974                LPTIM5_IRQHandler
                0x0000000008000974                UART5_IRQHandler
                0x0000000008000974                ADC3_IRQHandler
                0x0000000008000974                DMA2_Stream0_IRQHandler
                0x0000000008000974                TIM4_IRQHandler
                0x0000000008000974                BDMA_Channel2_IRQHandler
                0x0000000008000974                QUADSPI_IRQHandler
                0x0000000008000974                I2C1_EV_IRQHandler
                0x0000000008000974                DMA1_Stream6_IRQHandler
                0x0000000008000974                DMAMUX1_OVR_IRQHandler
                0x0000000008000974                DMA1_Stream1_IRQHandler
                0x0000000008000974                TIM16_IRQHandler
                0x0000000008000974                UART4_IRQHandler
                0x0000000008000974                BDMA_Channel5_IRQHandler
                0x0000000008000974                TIM3_IRQHandler
                0x0000000008000974                RCC_IRQHandler
                0x0000000008000974                TIM8_BRK_TIM12_IRQHandler
                0x0000000008000974                TIM1_TRG_COM_IRQHandler
                0x0000000008000974                Default_Handler
                0x0000000008000974                ECC_IRQHandler
                0x0000000008000974                CEC_IRQHandler
                0x0000000008000974                EXTI15_10_IRQHandler
                0x0000000008000974                BDMA_Channel0_IRQHandler
                0x0000000008000974                ADC_IRQHandler
                0x0000000008000974                DMA1_Stream7_IRQHandler
                0x0000000008000974                HRTIM1_TIMA_IRQHandler
                0x0000000008000974                SPI5_IRQHandler
                0x0000000008000974                TIM7_IRQHandler
                0x0000000008000974                SDMMC1_IRQHandler
                0x0000000008000974                TIM5_IRQHandler
                0x0000000008000974                DMA2_Stream7_IRQHandler
                0x0000000008000974                TIM15_IRQHandler
                0x0000000008000974                PVD_AVD_IRQHandler
                0x0000000008000974                I2C3_EV_IRQHandler
                0x0000000008000974                EXTI9_5_IRQHandler
                0x0000000008000974                RTC_WKUP_IRQHandler
                0x0000000008000974                LTDC_IRQHandler
                0x0000000008000974                SAI3_IRQHandler
                0x0000000008000974                ETH_WKUP_IRQHandler
                0x0000000008000974                SPDIF_RX_IRQHandler
                0x0000000008000974                SPI2_IRQHandler
                0x0000000008000974                OTG_HS_EP1_IN_IRQHandler
                0x0000000008000974                DMA1_Stream0_IRQHandler
                0x0000000008000974                CRS_IRQHandler
                0x0000000008000974                EXTI4_IRQHandler
                0x0000000008000974                HRTIM1_TIMB_IRQHandler
                0x0000000008000974                FDCAN2_IT1_IRQHandler
                0x0000000008000974                ETH_IRQHandler
                0x0000000008000974                TIM1_UP_IRQHandler
                0x0000000008000974                BDMA_Channel4_IRQHandler
                0x0000000008000974                OTG_HS_EP1_OUT_IRQHandler
                0x0000000008000974                WWDG_IRQHandler
                0x0000000008000974                SPI6_IRQHandler
                0x0000000008000974                MDIOS_IRQHandler
                0x0000000008000974                I2C4_EV_IRQHandler
                0x0000000008000974                FDCAN2_IT0_IRQHandler
                0x0000000008000974                LPUART1_IRQHandler
                0x0000000008000974                TIM2_IRQHandler
                0x0000000008000974                OTG_FS_WKUP_IRQHandler
                0x0000000008000974                OTG_HS_IRQHandler
                0x0000000008000974                DMA2D_IRQHandler
                0x0000000008000974                TIM1_BRK_IRQHandler
                0x0000000008000974                EXTI1_IRQHandler
                0x0000000008000974                SDMMC2_IRQHandler
                0x0000000008000974                OTG_FS_EP1_OUT_IRQHandler
                0x0000000008000974                BDMA_Channel3_IRQHandler
                0x0000000008000974                UART7_IRQHandler
                0x0000000008000974                MDIOS_WKUP_IRQHandler
                0x0000000008000974                USART2_IRQHandler
                0x0000000008000974                DFSDM1_FLT0_IRQHandler
                0x0000000008000974                SAI4_IRQHandler
                0x0000000008000974                I2C2_ER_IRQHandler
                0x0000000008000974                DMA2_Stream1_IRQHandler
                0x0000000008000974                FLASH_IRQHandler
                0x0000000008000974                DMA2_Stream4_IRQHandler
                0x0000000008000974                USART1_IRQHandler
                0x0000000008000974                OTG_FS_IRQHandler
                0x0000000008000974                SPI3_IRQHandler
                0x0000000008000974                WAKEUP_PIN_IRQHandler
                0x0000000008000974                DMA1_Stream4_IRQHandler
                0x0000000008000974                OTG_FS_EP1_IN_IRQHandler
                0x0000000008000974                I2C1_ER_IRQHandler
                0x0000000008000974                FMC_IRQHandler
                0x0000000008000974                FDCAN_CAL_IRQHandler
                0x0000000008000974                SWPMI1_IRQHandler
                0x0000000008000974                COMP1_IRQHandler
                0x0000000008000974                LPTIM1_IRQHandler
                0x0000000008000974                I2C4_ER_IRQHandler
                0x0000000008000974                DMA2_Stream6_IRQHandler
                0x0000000008000974                SAI1_IRQHandler
                0x0000000008000974                DMA1_Stream3_IRQHandler
 *fill*         0x0000000008000976        0x2 
 .text.EEM_INIT
                0x0000000008000978      0x190 ./Drivers/EEMProtocol/src/EEMProtocol.o
                0x0000000008000978                EEM_INIT
 .text.EEM_PUSH
                0x0000000008000b08       0xac ./Drivers/EEMProtocol/src/EEMProtocol.o
                0x0000000008000b08                EEM_PUSH
 .text.EEM_POP  0x0000000008000bb4       0xa0 ./Drivers/EEMProtocol/src/EEMProtocol.o
                0x0000000008000bb4                EEM_POP
 .text.EEM_TX   0x0000000008000c54       0x90 ./Drivers/EEMProtocol/src/EEMProtocol.o
                0x0000000008000c54                EEM_TX
 .text.EEM_RX   0x0000000008000ce4       0x48 ./Drivers/EEMProtocol/src/EEMProtocol.o
                0x0000000008000ce4                EEM_RX
 .text.EEM_PERIODIC
                0x0000000008000d2c      0xcf4 ./Drivers/EEMProtocol/src/EEMProtocol.o
                0x0000000008000d2c                EEM_PERIODIC
 .text.EEM_IS_EMPTY
                0x0000000008001a20       0x36 ./Drivers/EEMProtocol/src/EEMProtocol.o
                0x0000000008001a20                EEM_IS_EMPTY
 *fill*         0x0000000008001a56        0x2 
 .text.EEM_FILTER_BCM
                0x0000000008001a58      0x474 ./Drivers/EEMProtocol/src/EEMProtocol_Config.o
                0x0000000008001a58                EEM_FILTER_BCM
 .text.HAL_Init
                0x0000000008001ecc       0x78 ./Drivers/STM32H7xx_HAL_Driver/Src/stm32h7xx_hal.o
                0x0000000008001ecc                HAL_Init
 .text.HAL_InitTick
                0x0000000008001f44       0x6c ./Drivers/STM32H7xx_HAL_Driver/Src/stm32h7xx_hal.o
                0x0000000008001f44                HAL_InitTick
 .text.HAL_IncTick
                0x0000000008001fb0       0x28 ./Drivers/STM32H7xx_HAL_Driver/Src/stm32h7xx_hal.o
                0x0000000008001fb0                HAL_IncTick
 .text.HAL_GetTick
                0x0000000008001fd8       0x18 ./Drivers/STM32H7xx_HAL_Driver/Src/stm32h7xx_hal.o
                0x0000000008001fd8                HAL_GetTick
 .text.HAL_Delay
                0x0000000008001ff0       0x48 ./Drivers/STM32H7xx_HAL_Driver/Src/stm32h7xx_hal.o
                0x0000000008001ff0                HAL_Delay
 .text.HAL_GetREVID
                0x0000000008002038       0x18 ./Drivers/STM32H7xx_HAL_Driver/Src/stm32h7xx_hal.o
                0x0000000008002038                HAL_GetREVID
 .text.__NVIC_SetPriorityGrouping
                0x0000000008002050       0x48 ./Drivers/STM32H7xx_HAL_Driver/Src/stm32h7xx_hal_cortex.o
 .text.__NVIC_GetPriorityGrouping
                0x0000000008002098       0x1c ./Drivers/STM32H7xx_HAL_Driver/Src/stm32h7xx_hal_cortex.o
 .text.__NVIC_EnableIRQ
                0x00000000080020b4       0x3c ./Drivers/STM32H7xx_HAL_Driver/Src/stm32h7xx_hal_cortex.o
 .text.__NVIC_SetPriority
                0x00000000080020f0       0x54 ./Drivers/STM32H7xx_HAL_Driver/Src/stm32h7xx_hal_cortex.o
 .text.NVIC_EncodePriority
                0x0000000008002144       0x66 ./Drivers/STM32H7xx_HAL_Driver/Src/stm32h7xx_hal_cortex.o
 *fill*         0x00000000080021aa        0x2 
 .text.SysTick_Config
                0x00000000080021ac       0x44 ./Drivers/STM32H7xx_HAL_Driver/Src/stm32h7xx_hal_cortex.o
 .text.HAL_NVIC_SetPriorityGrouping
                0x00000000080021f0       0x16 ./Drivers/STM32H7xx_HAL_Driver/Src/stm32h7xx_hal_cortex.o
                0x00000000080021f0                HAL_NVIC_SetPriorityGrouping
 .text.HAL_NVIC_SetPriority
                0x0000000008002206       0x34 ./Drivers/STM32H7xx_HAL_Driver/Src/stm32h7xx_hal_cortex.o
                0x0000000008002206                HAL_NVIC_SetPriority
 .text.HAL_NVIC_EnableIRQ
                0x000000000800223a       0x1c ./Drivers/STM32H7xx_HAL_Driver/Src/stm32h7xx_hal_cortex.o
                0x000000000800223a                HAL_NVIC_EnableIRQ
 .text.HAL_SYSTICK_Config
                0x0000000008002256       0x18 ./Drivers/STM32H7xx_HAL_Driver/Src/stm32h7xx_hal_cortex.o
                0x0000000008002256                HAL_SYSTICK_Config
 *fill*         0x000000000800226e        0x2 
 .text.HAL_MPU_Disable
                0x0000000008002270       0x30 ./Drivers/STM32H7xx_HAL_Driver/Src/stm32h7xx_hal_cortex.o
                0x0000000008002270                HAL_MPU_Disable
 .text.HAL_MPU_Enable
                0x00000000080022a0       0x40 ./Drivers/STM32H7xx_HAL_Driver/Src/stm32h7xx_hal_cortex.o
                0x00000000080022a0                HAL_MPU_Enable
 .text.HAL_MPU_ConfigRegion
                0x00000000080022e0       0x88 ./Drivers/STM32H7xx_HAL_Driver/Src/stm32h7xx_hal_cortex.o
                0x00000000080022e0                HAL_MPU_ConfigRegion
 .text.HAL_FDCAN_Init
                0x0000000008002368      0x3bc ./Drivers/STM32H7xx_HAL_Driver/Src/stm32h7xx_hal_fdcan.o
                0x0000000008002368                HAL_FDCAN_Init
 .text.HAL_FDCAN_ConfigFilter
                0x0000000008002724       0xec ./Drivers/STM32H7xx_HAL_Driver/Src/stm32h7xx_hal_fdcan.o
                0x0000000008002724                HAL_FDCAN_ConfigFilter
 .text.HAL_FDCAN_ConfigGlobalFilter
                0x0000000008002810       0x5a ./Drivers/STM32H7xx_HAL_Driver/Src/stm32h7xx_hal_fdcan.o
                0x0000000008002810                HAL_FDCAN_ConfigGlobalFilter
 .text.HAL_FDCAN_Start
                0x000000000800286a       0x56 ./Drivers/STM32H7xx_HAL_Driver/Src/stm32h7xx_hal_fdcan.o
                0x000000000800286a                HAL_FDCAN_Start
 .text.HAL_FDCAN_AddMessageToTxFifoQ
                0x00000000080028c0       0xb6 ./Drivers/STM32H7xx_HAL_Driver/Src/stm32h7xx_hal_fdcan.o
                0x00000000080028c0                HAL_FDCAN_AddMessageToTxFifoQ
 *fill*         0x0000000008002976        0x2 
 .text.HAL_FDCAN_GetRxMessage
                0x0000000008002978      0x2dc ./Drivers/STM32H7xx_HAL_Driver/Src/stm32h7xx_hal_fdcan.o
                0x0000000008002978                HAL_FDCAN_GetRxMessage
 .text.HAL_FDCAN_ActivateNotification
                0x0000000008002c54       0xf4 ./Drivers/STM32H7xx_HAL_Driver/Src/stm32h7xx_hal_fdcan.o
                0x0000000008002c54                HAL_FDCAN_ActivateNotification
 .text.HAL_FDCAN_IRQHandler
                0x0000000008002d48      0x4bc ./Drivers/STM32H7xx_HAL_Driver/Src/stm32h7xx_hal_fdcan.o
                0x0000000008002d48                HAL_FDCAN_IRQHandler
 .text.HAL_FDCAN_ClockCalibrationCallback
                0x0000000008003204       0x16 ./Drivers/STM32H7xx_HAL_Driver/Src/stm32h7xx_hal_fdcan.o
                0x0000000008003204                HAL_FDCAN_ClockCalibrationCallback
 .text.HAL_FDCAN_TxEventFifoCallback
                0x000000000800321a       0x16 ./Drivers/STM32H7xx_HAL_Driver/Src/stm32h7xx_hal_fdcan.o
                0x000000000800321a                HAL_FDCAN_TxEventFifoCallback
 .text.HAL_FDCAN_RxFifo1Callback
                0x0000000008003230       0x16 ./Drivers/STM32H7xx_HAL_Driver/Src/stm32h7xx_hal_fdcan.o
                0x0000000008003230                HAL_FDCAN_RxFifo1Callback
 .text.HAL_FDCAN_TxFifoEmptyCallback
                0x0000000008003246       0x14 ./Drivers/STM32H7xx_HAL_Driver/Src/stm32h7xx_hal_fdcan.o
                0x0000000008003246                HAL_FDCAN_TxFifoEmptyCallback
 .text.HAL_FDCAN_TxBufferAbortCallback
                0x000000000800325a       0x16 ./Drivers/STM32H7xx_HAL_Driver/Src/stm32h7xx_hal_fdcan.o
                0x000000000800325a                HAL_FDCAN_TxBufferAbortCallback
 .text.HAL_FDCAN_RxBufferNewMessageCallback
                0x0000000008003270       0x14 ./Drivers/STM32H7xx_HAL_Driver/Src/stm32h7xx_hal_fdcan.o
                0x0000000008003270                HAL_FDCAN_RxBufferNewMessageCallback
 .text.HAL_FDCAN_TimestampWraparoundCallback
                0x0000000008003284       0x14 ./Drivers/STM32H7xx_HAL_Driver/Src/stm32h7xx_hal_fdcan.o
                0x0000000008003284                HAL_FDCAN_TimestampWraparoundCallback
 .text.HAL_FDCAN_TimeoutOccurredCallback
                0x0000000008003298       0x14 ./Drivers/STM32H7xx_HAL_Driver/Src/stm32h7xx_hal_fdcan.o
                0x0000000008003298                HAL_FDCAN_TimeoutOccurredCallback
 .text.HAL_FDCAN_HighPriorityMessageCallback
                0x00000000080032ac       0x14 ./Drivers/STM32H7xx_HAL_Driver/Src/stm32h7xx_hal_fdcan.o
                0x00000000080032ac                HAL_FDCAN_HighPriorityMessageCallback
 .text.HAL_FDCAN_ErrorCallback
                0x00000000080032c0       0x14 ./Drivers/STM32H7xx_HAL_Driver/Src/stm32h7xx_hal_fdcan.o
                0x00000000080032c0                HAL_FDCAN_ErrorCallback
 .text.HAL_FDCAN_ErrorStatusCallback
                0x00000000080032d4       0x16 ./Drivers/STM32H7xx_HAL_Driver/Src/stm32h7xx_hal_fdcan.o
                0x00000000080032d4                HAL_FDCAN_ErrorStatusCallback
 .text.HAL_FDCAN_TT_ScheduleSyncCallback
                0x00000000080032ea       0x16 ./Drivers/STM32H7xx_HAL_Driver/Src/stm32h7xx_hal_fdcan.o
                0x00000000080032ea                HAL_FDCAN_TT_ScheduleSyncCallback
 .text.HAL_FDCAN_TT_TimeMarkCallback
                0x0000000008003300       0x16 ./Drivers/STM32H7xx_HAL_Driver/Src/stm32h7xx_hal_fdcan.o
                0x0000000008003300                HAL_FDCAN_TT_TimeMarkCallback
 .text.HAL_FDCAN_TT_StopWatchCallback
                0x0000000008003316       0x18 ./Drivers/STM32H7xx_HAL_Driver/Src/stm32h7xx_hal_fdcan.o
                0x0000000008003316                HAL_FDCAN_TT_StopWatchCallback
 .text.HAL_FDCAN_TT_GlobalTimeCallback
                0x000000000800332e       0x16 ./Drivers/STM32H7xx_HAL_Driver/Src/stm32h7xx_hal_fdcan.o
                0x000000000800332e                HAL_FDCAN_TT_GlobalTimeCallback
 .text.FDCAN_CalcultateRamBlockAddresses
                0x0000000008003344      0x30c ./Drivers/STM32H7xx_HAL_Driver/Src/stm32h7xx_hal_fdcan.o
 .text.FDCAN_CopyMessageToRAM
                0x0000000008003650       0xfc ./Drivers/STM32H7xx_HAL_Driver/Src/stm32h7xx_hal_fdcan.o
 .text.HAL_GPIO_Init
                0x000000000800374c      0x360 ./Drivers/STM32H7xx_HAL_Driver/Src/stm32h7xx_hal_gpio.o
                0x000000000800374c                HAL_GPIO_Init
 .text.HAL_PWREx_ConfigSupply
                0x0000000008003aac       0x74 ./Drivers/STM32H7xx_HAL_Driver/Src/stm32h7xx_hal_pwr_ex.o
                0x0000000008003aac                HAL_PWREx_ConfigSupply
 .text.HAL_RCC_OscConfig
                0x0000000008003b20      0x8b4 ./Drivers/STM32H7xx_HAL_Driver/Src/stm32h7xx_hal_rcc.o
                0x0000000008003b20                HAL_RCC_OscConfig
 .text.HAL_RCC_ClockConfig
                0x00000000080043d4      0x36c ./Drivers/STM32H7xx_HAL_Driver/Src/stm32h7xx_hal_rcc.o
                0x00000000080043d4                HAL_RCC_ClockConfig
 .text.HAL_RCC_GetSysClockFreq
                0x0000000008004740      0x2f4 ./Drivers/STM32H7xx_HAL_Driver/Src/stm32h7xx_hal_rcc.o
                0x0000000008004740                HAL_RCC_GetSysClockFreq
 .text.HAL_RCCEx_PeriphCLKConfig
                0x0000000008004a34     0x1414 ./Drivers/STM32H7xx_HAL_Driver/Src/stm32h7xx_hal_rcc_ex.o
                0x0000000008004a34                HAL_RCCEx_PeriphCLKConfig
 .text.RCCEx_PLL2_Config
                0x0000000008005e48      0x164 ./Drivers/STM32H7xx_HAL_Driver/Src/stm32h7xx_hal_rcc_ex.o
 .text.RCCEx_PLL3_Config
                0x0000000008005fac      0x164 ./Drivers/STM32H7xx_HAL_Driver/Src/stm32h7xx_hal_rcc_ex.o
 .text.__libc_init_array
                0x0000000008006110       0x48 c:/st/stm32cubeide_1.11.2/stm32cubeide/plugins/com.st.stm32cube.ide.mcu.externaltools.gnu-tools-for-stm32.10.3-2021.10.win32_1.0.100.202210260954/tools/bin/../lib/gcc/arm-none-eabi/10.3.1/../../../../arm-none-eabi/lib/thumb/v7e-m+dp/hard\libc_nano.a(lib_a-init.o)
                0x0000000008006110                __libc_init_array
 .text.memcpy   0x0000000008006158       0x1c c:/st/stm32cubeide_1.11.2/stm32cubeide/plugins/com.st.stm32cube.ide.mcu.externaltools.gnu-tools-for-stm32.10.3-2021.10.win32_1.0.100.202210260954/tools/bin/../lib/gcc/arm-none-eabi/10.3.1/../../../../arm-none-eabi/lib/thumb/v7e-m+dp/hard\libc_nano.a(lib_a-memcpy-stub.o)
                0x0000000008006158                memcpy
 .text.memset   0x0000000008006174       0x10 c:/st/stm32cubeide_1.11.2/stm32cubeide/plugins/com.st.stm32cube.ide.mcu.externaltools.gnu-tools-for-stm32.10.3-2021.10.win32_1.0.100.202210260954/tools/bin/../lib/gcc/arm-none-eabi/10.3.1/../../../../arm-none-eabi/lib/thumb/v7e-m+dp/hard\libc_nano.a(lib_a-memset.o)
                0x0000000008006174                memset
 *(.glue_7)
 .glue_7        0x0000000008006184        0x0 linker stubs
 *(.glue_7t)
 .glue_7t       0x0000000008006184        0x0 linker stubs
 *(.eh_frame)
 .eh_frame      0x0000000008006184        0x0 c:/st/stm32cubeide_1.11.2/stm32cubeide/plugins/com.st.stm32cube.ide.mcu.externaltools.gnu-tools-for-stm32.10.3-2021.10.win32_1.0.100.202210260954/tools/bin/../lib/gcc/arm-none-eabi/10.3.1/thumb/v7e-m+dp/hard/crtbegin.o
 *(.init)
 .init          0x0000000008006184        0x4 c:/st/stm32cubeide_1.11.2/stm32cubeide/plugins/com.st.stm32cube.ide.mcu.externaltools.gnu-tools-for-stm32.10.3-2021.10.win32_1.0.100.202210260954/tools/bin/../lib/gcc/arm-none-eabi/10.3.1/thumb/v7e-m+dp/hard/crti.o
                0x0000000008006184                _init
 .init          0x0000000008006188        0x8 c:/st/stm32cubeide_1.11.2/stm32cubeide/plugins/com.st.stm32cube.ide.mcu.externaltools.gnu-tools-for-stm32.10.3-2021.10.win32_1.0.100.202210260954/tools/bin/../lib/gcc/arm-none-eabi/10.3.1/thumb/v7e-m+dp/hard/crtn.o
 *(.fini)
 .fini          0x0000000008006190        0x4 c:/st/stm32cubeide_1.11.2/stm32cubeide/plugins/com.st.stm32cube.ide.mcu.externaltools.gnu-tools-for-stm32.10.3-2021.10.win32_1.0.100.202210260954/tools/bin/../lib/gcc/arm-none-eabi/10.3.1/thumb/v7e-m+dp/hard/crti.o
                0x0000000008006190                _fini
 .fini          0x0000000008006194        0x8 c:/st/stm32cubeide_1.11.2/stm32cubeide/plugins/com.st.stm32cube.ide.mcu.externaltools.gnu-tools-for-stm32.10.3-2021.10.win32_1.0.100.202210260954/tools/bin/../lib/gcc/arm-none-eabi/10.3.1/thumb/v7e-m+dp/hard/crtn.o
                0x000000000800619c                . = ALIGN (0x4)
                0x000000000800619c                _etext = .

.vfp11_veneer   0x000000000800619c        0x0
 .vfp11_veneer  0x000000000800619c        0x0 linker stubs

.v4_bx          0x000000000800619c        0x0
 .v4_bx         0x000000000800619c        0x0 linker stubs

.iplt           0x000000000800619c        0x0
 .iplt          0x000000000800619c        0x0 c:/st/stm32cubeide_1.11.2/stm32cubeide/plugins/com.st.stm32cube.ide.mcu.externaltools.gnu-tools-for-stm32.10.3-2021.10.win32_1.0.100.202210260954/tools/bin/../lib/gcc/arm-none-eabi/10.3.1/thumb/v7e-m+dp/hard/crtbegin.o

.rodata         0x000000000800619c       0x80
                0x000000000800619c                . = ALIGN (0x4)
 *(.rodata)
 .rodata        0x000000000800619c        0x8 ./Drivers/EEMProtocol/src/EEMProtocol.o
 .rodata        0x00000000080061a4       0x4c ./Drivers/STM32H7xx_HAL_Driver/Src/stm32h7xx_hal_fdcan.o
 *(.rodata*)
 .rodata.D1CorePrescTable
                0x00000000080061f0       0x10 ./Core/Src/system_stm32h7xx.o
                0x00000000080061f0                D1CorePrescTable
 .rodata.ops    0x0000000008006200        0xc ./Drivers/EEMProtocol/src/EEMProtocol.o
                0x0000000008006200                ops
 .rodata.DLCtoBytes
                0x000000000800620c       0x10 ./Drivers/STM32H7xx_HAL_Driver/Src/stm32h7xx_hal_fdcan.o
                0x000000000800621c                . = ALIGN (0x4)

.rel.dyn        0x000000000800621c        0x0
 .rel.iplt      0x000000000800621c        0x0 c:/st/stm32cubeide_1.11.2/stm32cubeide/plugins/com.st.stm32cube.ide.mcu.externaltools.gnu-tools-for-stm32.10.3-2021.10.win32_1.0.100.202210260954/tools/bin/../lib/gcc/arm-none-eabi/10.3.1/thumb/v7e-m+dp/hard/crtbegin.o

.ARM.extab
 *(.ARM.extab* .gnu.linkonce.armextab.*)

.ARM            0x000000000800621c        0x0
                0x000000000800621c                __exidx_start = .
 *(.ARM.exidx*)
                0x000000000800621c                __exidx_end = .

.preinit_array  0x000000000800621c        0x0
                0x000000000800621c                PROVIDE (__preinit_array_start = .)
 *(.preinit_array*)
                0x000000000800621c                PROVIDE (__preinit_array_end = .)

.init_array     0x000000000800621c        0x4
                0x000000000800621c                PROVIDE (__init_array_start = .)
 *(SORT_BY_NAME(.init_array.*))
 *(.init_array*)
 .init_array    0x000000000800621c        0x4 c:/st/stm32cubeide_1.11.2/stm32cubeide/plugins/com.st.stm32cube.ide.mcu.externaltools.gnu-tools-for-stm32.10.3-2021.10.win32_1.0.100.202210260954/tools/bin/../lib/gcc/arm-none-eabi/10.3.1/thumb/v7e-m+dp/hard/crtbegin.o
                0x0000000008006220                PROVIDE (__init_array_end = .)

.fini_array     0x0000000008006220        0x4
                [!provide]                        PROVIDE (__fini_array_start = .)
 *(SORT_BY_NAME(.fini_array.*))
 *(.fini_array*)
 .fini_array    0x0000000008006220        0x4 c:/st/stm32cubeide_1.11.2/stm32cubeide/plugins/com.st.stm32cube.ide.mcu.externaltools.gnu-tools-for-stm32.10.3-2021.10.win32_1.0.100.202210260954/tools/bin/../lib/gcc/arm-none-eabi/10.3.1/thumb/v7e-m+dp/hard/crtbegin.o
                [!provide]                        PROVIDE (__fini_array_end = .)
                0x0000000008006224                _sidata = LOADADDR (.data)

.data           0x0000000024000000       0x10 load address 0x0000000008006224
                0x0000000024000000                . = ALIGN (0x4)
                0x0000000024000000                _sdata = .
 *(.data)
 *(.data*)
 .data.SystemCoreClock
                0x0000000024000000        0x4 ./Core/Src/system_stm32h7xx.o
                0x0000000024000000                SystemCoreClock
 .data.SystemD2Clock
                0x0000000024000004        0x4 ./Core/Src/system_stm32h7xx.o
                0x0000000024000004                SystemD2Clock
 .data.uwTickPrio
                0x0000000024000008        0x4 ./Drivers/STM32H7xx_HAL_Driver/Src/stm32h7xx_hal.o
                0x0000000024000008                uwTickPrio
 .data.uwTickFreq
                0x000000002400000c        0x1 ./Drivers/STM32H7xx_HAL_Driver/Src/stm32h7xx_hal.o
                0x000000002400000c                uwTickFreq
 *(.RamFunc)
 *(.RamFunc*)
                0x0000000024000010                . = ALIGN (0x4)
 *fill*         0x000000002400000d        0x3 
                0x0000000024000010                _edata = .

.igot.plt       0x0000000024000010        0x0 load address 0x0000000008006234
 .igot.plt      0x0000000024000010        0x0 c:/st/stm32cubeide_1.11.2/stm32cubeide/plugins/com.st.stm32cube.ide.mcu.externaltools.gnu-tools-for-stm32.10.3-2021.10.win32_1.0.100.202210260954/tools/bin/../lib/gcc/arm-none-eabi/10.3.1/thumb/v7e-m+dp/hard/crtbegin.o
                0x0000000024000010                . = ALIGN (0x4)

.bss            0x0000000024000010      0x3a8 load address 0x0000000008006234
                0x0000000024000010                _sbss = .
                0x0000000024000010                __bss_start__ = _sbss
 *(.bss)
 .bss           0x0000000024000010       0x1c c:/st/stm32cubeide_1.11.2/stm32cubeide/plugins/com.st.stm32cube.ide.mcu.externaltools.gnu-tools-for-stm32.10.3-2021.10.win32_1.0.100.202210260954/tools/bin/../lib/gcc/arm-none-eabi/10.3.1/thumb/v7e-m+dp/hard/crtbegin.o
 *(.bss*)
 .bss.hfdcan1   0x000000002400002c       0xa0 ./Core/Src/main.o
                0x000000002400002c                hfdcan1
 .bss.protocol  0x00000000240000cc      0x234 ./Core/Src/main.o
                0x00000000240000cc                protocol
 .bss.loopVal.0
                0x0000000024000300        0x4 ./Core/Src/main.o
 .bss.BCM_MSG   0x0000000024000304       0x78 ./Drivers/EEMProtocol/src/EEMProtocol.o
                0x0000000024000304                BCM_MSG
 .bss.MS1_MSG   0x000000002400037c       0x20 ./Drivers/EEMProtocol/src/EEMProtocol.o
                0x000000002400037c                MS1_MSG
 .bss.MS2_MSG   0x000000002400039c       0x18 ./Drivers/EEMProtocol/src/EEMProtocol.o
                0x000000002400039c                MS2_MSG
 .bss.uwTick    0x00000000240003b4        0x4 ./Drivers/STM32H7xx_HAL_Driver/Src/stm32h7xx_hal.o
                0x00000000240003b4                uwTick
 *(COMMON)
                0x00000000240003b8                . = ALIGN (0x4)
                0x00000000240003b8                _ebss = .
                0x00000000240003b8                __bss_end__ = _ebss

._user_heap_stack
                0x00000000240003b8     0x6000 load address 0x0000000008006234
                0x00000000240003b8                . = ALIGN (0x8)
                [!provide]                        PROVIDE (end = .)
                0x00000000240003b8                PROVIDE (_end = .)
                0x00000000240023b8                . = (. + _Min_Heap_Size)
 *fill*         0x00000000240003b8     0x2000 
                0x00000000240063b8                . = (. + _Min_Stack_Size)
 *fill*         0x00000000240023b8     0x4000 
                0x00000000240063b8                . = ALIGN (0x8)

/DISCARD/
 libc.a(*)
 libm.a(*)
 libgcc.a(*)

.ARM.attributes
                0x0000000000000000       0x2e
 *(.ARM.attributes)
 .ARM.attributes
                0x0000000000000000       0x1e c:/st/stm32cubeide_1.11.2/stm32cubeide/plugins/com.st.stm32cube.ide.mcu.externaltools.gnu-tools-for-stm32.10.3-2021.10.win32_1.0.100.202210260954/tools/bin/../lib/gcc/arm-none-eabi/10.3.1/thumb/v7e-m+dp/hard/crti.o
 .ARM.attributes
                0x000000000000001e       0x32 c:/st/stm32cubeide_1.11.2/stm32cubeide/plugins/com.st.stm32cube.ide.mcu.externaltools.gnu-tools-for-stm32.10.3-2021.10.win32_1.0.100.202210260954/tools/bin/../lib/gcc/arm-none-eabi/10.3.1/thumb/v7e-m+dp/hard/crtbegin.o
 .ARM.attributes
                0x0000000000000050       0x32 ./Core/Src/main.o
 .ARM.attributes
                0x0000000000000082       0x32 ./Core/Src/stm32h7xx_hal_msp.o
 .ARM.attributes
                0x00000000000000b4       0x32 ./Core/Src/stm32h7xx_it.o
 .ARM.attributes
                0x00000000000000e6       0x32 ./Core/Src/system_stm32h7xx.o
 .ARM.attributes
                0x0000000000000118       0x21 ./Core/Startup/startup_stm32h750vbtx.o
 .ARM.attributes
                0x0000000000000139       0x32 ./Drivers/EEMProtocol/src/EEMProtocol.o
 .ARM.attributes
                0x000000000000016b       0x32 ./Drivers/EEMProtocol/src/EEMProtocol_Config.o
 .ARM.attributes
                0x000000000000019d       0x32 ./Drivers/STM32H7xx_HAL_Driver/Src/stm32h7xx_hal.o
 .ARM.attributes
                0x00000000000001cf       0x32 ./Drivers/STM32H7xx_HAL_Driver/Src/stm32h7xx_hal_cortex.o
 .ARM.attributes
                0x0000000000000201       0x32 ./Drivers/STM32H7xx_HAL_Driver/Src/stm32h7xx_hal_fdcan.o
 .ARM.attributes
                0x0000000000000233       0x32 ./Drivers/STM32H7xx_HAL_Driver/Src/stm32h7xx_hal_gpio.o
 .ARM.attributes
                0x0000000000000265       0x32 ./Drivers/STM32H7xx_HAL_Driver/Src/stm32h7xx_hal_pwr_ex.o
 .ARM.attributes
                0x0000000000000297       0x32 ./Drivers/STM32H7xx_HAL_Driver/Src/stm32h7xx_hal_rcc.o
 .ARM.attributes
                0x00000000000002c9       0x32 ./Drivers/STM32H7xx_HAL_Driver/Src/stm32h7xx_hal_rcc_ex.o
 .ARM.attributes
                0x00000000000002fb       0x32 c:/st/stm32cubeide_1.11.2/stm32cubeide/plugins/com.st.stm32cube.ide.mcu.externaltools.gnu-tools-for-stm32.10.3-2021.10.win32_1.0.100.202210260954/tools/bin/../lib/gcc/arm-none-eabi/10.3.1/../../../../arm-none-eabi/lib/thumb/v7e-m+dp/hard\libc_nano.a(lib_a-init.o)
 .ARM.attributes
                0x000000000000032d       0x32 c:/st/stm32cubeide_1.11.2/stm32cubeide/plugins/com.st.stm32cube.ide.mcu.externaltools.gnu-tools-for-stm32.10.3-2021.10.win32_1.0.100.202210260954/tools/bin/../lib/gcc/arm-none-eabi/10.3.1/../../../../arm-none-eabi/lib/thumb/v7e-m+dp/hard\libc_nano.a(lib_a-memcpy-stub.o)
 .ARM.attributes
                0x000000000000035f       0x32 c:/st/stm32cubeide_1.11.2/stm32cubeide/plugins/com.st.stm32cube.ide.mcu.externaltools.gnu-tools-for-stm32.10.3-2021.10.win32_1.0.100.202210260954/tools/bin/../lib/gcc/arm-none-eabi/10.3.1/../../../../arm-none-eabi/lib/thumb/v7e-m+dp/hard\libc_nano.a(lib_a-memset.o)
 .ARM.attributes
                0x0000000000000391       0x1e c:/st/stm32cubeide_1.11.2/stm32cubeide/plugins/com.st.stm32cube.ide.mcu.externaltools.gnu-tools-for-stm32.10.3-2021.10.win32_1.0.100.202210260954/tools/bin/../lib/gcc/arm-none-eabi/10.3.1/thumb/v7e-m+dp/hard/crtn.o
OUTPUT(0010_EEMCANTest_FDV1.elf elf32-littlearm)
LOAD linker stubs
LOAD c:/st/stm32cubeide_1.11.2/stm32cubeide/plugins/com.st.stm32cube.ide.mcu.externaltools.gnu-tools-for-stm32.10.3-2021.10.win32_1.0.100.202210260954/tools/bin/../lib/gcc/arm-none-eabi/10.3.1/../../../../arm-none-eabi/lib/thumb/v7e-m+dp/hard\libc.a
LOAD c:/st/stm32cubeide_1.11.2/stm32cubeide/plugins/com.st.stm32cube.ide.mcu.externaltools.gnu-tools-for-stm32.10.3-2021.10.win32_1.0.100.202210260954/tools/bin/../lib/gcc/arm-none-eabi/10.3.1/../../../../arm-none-eabi/lib/thumb/v7e-m+dp/hard\libm.a
LOAD c:/st/stm32cubeide_1.11.2/stm32cubeide/plugins/com.st.stm32cube.ide.mcu.externaltools.gnu-tools-for-stm32.10.3-2021.10.win32_1.0.100.202210260954/tools/bin/../lib/gcc/arm-none-eabi/10.3.1/thumb/v7e-m+dp/hard\libgcc.a

.debug_info     0x0000000000000000    0x11be0
 .debug_info    0x0000000000000000     0x23fc ./Core/Src/main.o
 .debug_info    0x00000000000023fc     0x1561 ./Core/Src/stm32h7xx_hal_msp.o
 .debug_info    0x000000000000395d      0x945 ./Core/Src/stm32h7xx_it.o
 .debug_info    0x00000000000042a2      0xd07 ./Core/Src/system_stm32h7xx.o
 .debug_info    0x0000000000004fa9       0x22 ./Core/Startup/startup_stm32h750vbtx.o
 .debug_info    0x0000000000004fcb     0x1f28 ./Drivers/EEMProtocol/src/EEMProtocol.o
 .debug_info    0x0000000000006ef3     0x1807 ./Drivers/EEMProtocol/src/EEMProtocol_Config.o
 .debug_info    0x00000000000086fa     0x15dd ./Drivers/STM32H7xx_HAL_Driver/Src/stm32h7xx_hal.o
 .debug_info    0x0000000000009cd7     0x1173 ./Drivers/STM32H7xx_HAL_Driver/Src/stm32h7xx_hal_cortex.o
 .debug_info    0x000000000000ae4a     0x2dae ./Drivers/STM32H7xx_HAL_Driver/Src/stm32h7xx_hal_fdcan.o
 .debug_info    0x000000000000dbf8      0xd28 ./Drivers/STM32H7xx_HAL_Driver/Src/stm32h7xx_hal_gpio.o
 .debug_info    0x000000000000e920     0x109d ./Drivers/STM32H7xx_HAL_Driver/Src/stm32h7xx_hal_pwr_ex.o
 .debug_info    0x000000000000f9bd      0xf4a ./Drivers/STM32H7xx_HAL_Driver/Src/stm32h7xx_hal_rcc.o
 .debug_info    0x0000000000010907     0x12d9 ./Drivers/STM32H7xx_HAL_Driver/Src/stm32h7xx_hal_rcc_ex.o

.debug_abbrev   0x0000000000000000     0x1fbc
 .debug_abbrev  0x0000000000000000      0x3eb ./Core/Src/main.o
 .debug_abbrev  0x00000000000003eb      0x1db ./Core/Src/stm32h7xx_hal_msp.o
 .debug_abbrev  0x00000000000005c6      0x170 ./Core/Src/stm32h7xx_it.o
 .debug_abbrev  0x0000000000000736      0x147 ./Core/Src/system_stm32h7xx.o
 .debug_abbrev  0x000000000000087d       0x12 ./Core/Startup/startup_stm32h750vbtx.o
 .debug_abbrev  0x000000000000088f      0x33b ./Drivers/EEMProtocol/src/EEMProtocol.o
 .debug_abbrev  0x0000000000000bca      0x239 ./Drivers/EEMProtocol/src/EEMProtocol_Config.o
 .debug_abbrev  0x0000000000000e03      0x289 ./Drivers/STM32H7xx_HAL_Driver/Src/stm32h7xx_hal.o
 .debug_abbrev  0x000000000000108c      0x329 ./Drivers/STM32H7xx_HAL_Driver/Src/stm32h7xx_hal_cortex.o
 .debug_abbrev  0x00000000000013b5      0x278 ./Drivers/STM32H7xx_HAL_Driver/Src/stm32h7xx_hal_fdcan.o
 .debug_abbrev  0x000000000000162d      0x1ec ./Drivers/STM32H7xx_HAL_Driver/Src/stm32h7xx_hal_gpio.o
 .debug_abbrev  0x0000000000001819      0x28f ./Drivers/STM32H7xx_HAL_Driver/Src/stm32h7xx_hal_pwr_ex.o
 .debug_abbrev  0x0000000000001aa8      0x2b8 ./Drivers/STM32H7xx_HAL_Driver/Src/stm32h7xx_hal_rcc.o
 .debug_abbrev  0x0000000000001d60      0x25c ./Drivers/STM32H7xx_HAL_Driver/Src/stm32h7xx_hal_rcc_ex.o

.debug_aranges  0x0000000000000000      0xae0
 .debug_aranges
                0x0000000000000000       0x58 ./Core/Src/main.o
 .debug_aranges
                0x0000000000000058       0x30 ./Core/Src/stm32h7xx_hal_msp.o
 .debug_aranges
                0x0000000000000088       0x70 ./Core/Src/stm32h7xx_it.o
 .debug_aranges
                0x00000000000000f8       0x28 ./Core/Src/system_stm32h7xx.o
 .debug_aranges
                0x0000000000000120       0x28 ./Core/Startup/startup_stm32h750vbtx.o
 .debug_aranges
                0x0000000000000148       0x58 ./Drivers/EEMProtocol/src/EEMProtocol.o
 .debug_aranges
                0x00000000000001a0       0x20 ./Drivers/EEMProtocol/src/EEMProtocol_Config.o
 .debug_aranges
                0x00000000000001c0      0x198 ./Drivers/STM32H7xx_HAL_Driver/Src/stm32h7xx_hal.o
 .debug_aranges
                0x0000000000000358      0x120 ./Drivers/STM32H7xx_HAL_Driver/Src/stm32h7xx_hal_cortex.o
 .debug_aranges
                0x0000000000000478      0x338 ./Drivers/STM32H7xx_HAL_Driver/Src/stm32h7xx_hal_fdcan.o
 .debug_aranges
                0x00000000000007b0       0x58 ./Drivers/STM32H7xx_HAL_Driver/Src/stm32h7xx_hal_gpio.o
 .debug_aranges
                0x0000000000000808      0x158 ./Drivers/STM32H7xx_HAL_Driver/Src/stm32h7xx_hal_pwr_ex.o
 .debug_aranges
                0x0000000000000960       0x88 ./Drivers/STM32H7xx_HAL_Driver/Src/stm32h7xx_hal_rcc.o
 .debug_aranges
                0x00000000000009e8       0xf8 ./Drivers/STM32H7xx_HAL_Driver/Src/stm32h7xx_hal_rcc_ex.o

.debug_ranges   0x0000000000000000      0xa08
 .debug_ranges  0x0000000000000000       0x48 ./Core/Src/main.o
 .debug_ranges  0x0000000000000048       0x20 ./Core/Src/stm32h7xx_hal_msp.o
 .debug_ranges  0x0000000000000068       0x60 ./Core/Src/stm32h7xx_it.o
 .debug_ranges  0x00000000000000c8       0x18 ./Core/Src/system_stm32h7xx.o
 .debug_ranges  0x00000000000000e0       0x20 ./Core/Startup/startup_stm32h750vbtx.o
 .debug_ranges  0x0000000000000100       0x48 ./Drivers/EEMProtocol/src/EEMProtocol.o
 .debug_ranges  0x0000000000000148       0x10 ./Drivers/EEMProtocol/src/EEMProtocol_Config.o
 .debug_ranges  0x0000000000000158      0x188 ./Drivers/STM32H7xx_HAL_Driver/Src/stm32h7xx_hal.o
 .debug_ranges  0x00000000000002e0      0x110 ./Drivers/STM32H7xx_HAL_Driver/Src/stm32h7xx_hal_cortex.o
 .debug_ranges  0x00000000000003f0      0x328 ./Drivers/STM32H7xx_HAL_Driver/Src/stm32h7xx_hal_fdcan.o
 .debug_ranges  0x0000000000000718       0x48 ./Drivers/STM32H7xx_HAL_Driver/Src/stm32h7xx_hal_gpio.o
 .debug_ranges  0x0000000000000760      0x148 ./Drivers/STM32H7xx_HAL_Driver/Src/stm32h7xx_hal_pwr_ex.o
 .debug_ranges  0x00000000000008a8       0x78 ./Drivers/STM32H7xx_HAL_Driver/Src/stm32h7xx_hal_rcc.o
 .debug_ranges  0x0000000000000920       0xe8 ./Drivers/STM32H7xx_HAL_Driver/Src/stm32h7xx_hal_rcc_ex.o

.debug_macro    0x0000000000000000    0x36bdc
 .debug_macro   0x0000000000000000      0x3af ./Core/Src/main.o
 .debug_macro   0x00000000000003af      0xa90 ./Core/Src/main.o
 .debug_macro   0x0000000000000e3f      0x232 ./Core/Src/main.o
 .debug_macro   0x0000000000001071       0x2e ./Core/Src/main.o
 .debug_macro   0x000000000000109f       0x3b ./Core/Src/main.o
 .debug_macro   0x00000000000010da       0x22 ./Core/Src/main.o
 .debug_macro   0x00000000000010fc       0x8e ./Core/Src/main.o
 .debug_macro   0x000000000000118a       0x51 ./Core/Src/main.o
 .debug_macro   0x00000000000011db      0x103 ./Core/Src/main.o
 .debug_macro   0x00000000000012de       0x6a ./Core/Src/main.o
 .debug_macro   0x0000000000001348      0x1df ./Core/Src/main.o
 .debug_macro   0x0000000000001527       0x1c ./Core/Src/main.o
 .debug_macro   0x0000000000001543       0x22 ./Core/Src/main.o
 .debug_macro   0x0000000000001565       0xfb ./Core/Src/main.o
 .debug_macro   0x0000000000001660     0x1305 ./Core/Src/main.o
 .debug_macro   0x0000000000002965      0x11f ./Core/Src/main.o
 .debug_macro   0x0000000000002a84       0x27 ./Core/Src/main.o
 .debug_macro   0x0000000000002aab    0x25e77 ./Core/Src/main.o
 .debug_macro   0x0000000000028922       0x6d ./Core/Src/main.o
 .debug_macro   0x000000000002898f     0x3d5d ./Core/Src/main.o
 .debug_macro   0x000000000002c6ec      0x174 ./Core/Src/main.o
 .debug_macro   0x000000000002c860       0x52 ./Core/Src/main.o
 .debug_macro   0x000000000002c8b2       0x1d ./Core/Src/main.o
 .debug_macro   0x000000000002c8cf       0x3c ./Core/Src/main.o
 .debug_macro   0x000000000002c90b       0x34 ./Core/Src/main.o
 .debug_macro   0x000000000002c93f       0x16 ./Core/Src/main.o
 .debug_macro   0x000000000002c955       0x43 ./Core/Src/main.o
 .debug_macro   0x000000000002c998       0x34 ./Core/Src/main.o
 .debug_macro   0x000000000002c9cc       0x10 ./Core/Src/main.o
 .debug_macro   0x000000000002c9dc       0x58 ./Core/Src/main.o
 .debug_macro   0x000000000002ca34       0x71 ./Core/Src/main.o
 .debug_macro   0x000000000002caa5       0x1c ./Core/Src/main.o
 .debug_macro   0x000000000002cac1      0x12a ./Core/Src/main.o
 .debug_macro   0x000000000002cbeb      0x341 ./Core/Src/main.o
 .debug_macro   0x000000000002cf2c      0x19b ./Core/Src/main.o
 .debug_macro   0x000000000002d0c7       0x5d ./Core/Src/main.o
 .debug_macro   0x000000000002d124     0x240e ./Core/Src/main.o
 .debug_macro   0x000000000002f532     0x102c ./Core/Src/main.o
 .debug_macro   0x000000000003055e      0x154 ./Core/Src/main.o
 .debug_macro   0x00000000000306b2      0x114 ./Core/Src/main.o
 .debug_macro   0x00000000000307c6      0x3b2 ./Core/Src/main.o
 .debug_macro   0x0000000000030b78       0xac ./Core/Src/main.o
 .debug_macro   0x0000000000030c24      0x72d ./Core/Src/main.o
 .debug_macro   0x0000000000031351      0x228 ./Core/Src/main.o
 .debug_macro   0x0000000000031579       0x66 ./Core/Src/main.o
 .debug_macro   0x00000000000315df      0x3bb ./Core/Src/main.o
 .debug_macro   0x000000000003199a      0x3e4 ./Core/Src/main.o
 .debug_macro   0x0000000000031d7e      0x275 ./Core/Src/main.o
 .debug_macro   0x0000000000031ff3      0xe42 ./Core/Src/main.o
 .debug_macro   0x0000000000032e35      0x3ca ./Core/Src/main.o
 .debug_macro   0x00000000000331ff      0x3de ./Core/Src/main.o
 .debug_macro   0x00000000000335dd       0x3c ./Core/Src/main.o
 .debug_macro   0x0000000000033619       0x4a ./Core/Src/main.o
 .debug_macro   0x0000000000033663      0x22c ./Core/Src/main.o
 .debug_macro   0x000000000003388f       0x67 ./Core/Src/main.o
 .debug_macro   0x00000000000338f6       0xa5 ./Core/Src/main.o
 .debug_macro   0x000000000003399b      0x1c4 ./Core/Src/main.o
 .debug_macro   0x0000000000033b5f      0x25e ./Core/Src/main.o
 .debug_macro   0x0000000000033dbd       0x35 ./Core/Src/main.o
 .debug_macro   0x0000000000033df2      0x5a0 ./Core/Src/main.o
 .debug_macro   0x0000000000034392       0x28 ./Core/Src/main.o
 .debug_macro   0x00000000000343ba       0x1c ./Core/Src/main.o
 .debug_macro   0x00000000000343d6       0x35 ./Core/Src/main.o
 .debug_macro   0x000000000003440b       0x10 ./Core/Src/main.o
 .debug_macro   0x000000000003441b       0x10 ./Core/Src/main.o
 .debug_macro   0x000000000003442b       0x1c ./Core/Src/main.o
 .debug_macro   0x0000000000034447       0x52 ./Core/Src/main.o
 .debug_macro   0x0000000000034499       0x22 ./Core/Src/main.o
 .debug_macro   0x00000000000344bb       0x10 ./Core/Src/main.o
 .debug_macro   0x00000000000344cb       0x52 ./Core/Src/main.o
 .debug_macro   0x000000000003451d       0xd5 ./Core/Src/main.o
 .debug_macro   0x00000000000345f2       0x1c ./Core/Src/main.o
 .debug_macro   0x000000000003460e       0x3d ./Core/Src/main.o
 .debug_macro   0x000000000003464b       0x16 ./Core/Src/main.o
 .debug_macro   0x0000000000034661      0x145 ./Core/Src/main.o
 .debug_macro   0x00000000000347a6       0x16 ./Core/Src/main.o
 .debug_macro   0x00000000000347bc       0x20 ./Core/Src/main.o
 .debug_macro   0x00000000000347dc       0x4c ./Core/Src/main.o
 .debug_macro   0x0000000000034828       0x40 ./Core/Src/main.o
 .debug_macro   0x0000000000034868      0x137 ./Core/Src/main.o
 .debug_macro   0x000000000003499f      0x294 ./Core/Src/stm32h7xx_hal_msp.o
 .debug_macro   0x0000000000034c33      0x29e ./Core/Src/stm32h7xx_it.o
 .debug_macro   0x0000000000034ed1      0x28a ./Core/Src/system_stm32h7xx.o
 .debug_macro   0x000000000003515b      0x3a5 ./Drivers/EEMProtocol/src/EEMProtocol.o
 .debug_macro   0x0000000000035500      0x3a5 ./Drivers/EEMProtocol/src/EEMProtocol_Config.o
 .debug_macro   0x00000000000358a5      0x2b4 ./Drivers/STM32H7xx_HAL_Driver/Src/stm32h7xx_hal.o
 .debug_macro   0x0000000000035b59      0x28a ./Drivers/STM32H7xx_HAL_Driver/Src/stm32h7xx_hal_cortex.o
 .debug_macro   0x0000000000035de3      0x34f ./Drivers/STM32H7xx_HAL_Driver/Src/stm32h7xx_hal_fdcan.o
 .debug_macro   0x0000000000036132      0x291 ./Drivers/STM32H7xx_HAL_Driver/Src/stm32h7xx_hal_gpio.o
 .debug_macro   0x00000000000363c3      0x2c3 ./Drivers/STM32H7xx_HAL_Driver/Src/stm32h7xx_hal_pwr_ex.o
 .debug_macro   0x0000000000036686      0x2ae ./Drivers/STM32H7xx_HAL_Driver/Src/stm32h7xx_hal_rcc.o
 .debug_macro   0x0000000000036934      0x2a8 ./Drivers/STM32H7xx_HAL_Driver/Src/stm32h7xx_hal_rcc_ex.o

.debug_line     0x0000000000000000     0xd208
 .debug_line    0x0000000000000000      0xb60 ./Core/Src/main.o
 .debug_line    0x0000000000000b60      0x870 ./Core/Src/stm32h7xx_hal_msp.o
 .debug_line    0x00000000000013d0      0x8fd ./Core/Src/stm32h7xx_it.o
 .debug_line    0x0000000000001ccd      0x9ba ./Core/Src/system_stm32h7xx.o
 .debug_line    0x0000000000002687       0x88 ./Core/Startup/startup_stm32h750vbtx.o
 .debug_line    0x000000000000270f     0x1225 ./Drivers/EEMProtocol/src/EEMProtocol.o
 .debug_line    0x0000000000003934      0xb1a ./Drivers/EEMProtocol/src/EEMProtocol_Config.o
 .debug_line    0x000000000000444e      0xdb8 ./Drivers/STM32H7xx_HAL_Driver/Src/stm32h7xx_hal.o
 .debug_line    0x0000000000005206      0xdbe ./Drivers/STM32H7xx_HAL_Driver/Src/stm32h7xx_hal_cortex.o
 .debug_line    0x0000000000005fc4     0x2719 ./Drivers/STM32H7xx_HAL_Driver/Src/stm32h7xx_hal_fdcan.o
 .debug_line    0x00000000000086dd      0xc7b ./Drivers/STM32H7xx_HAL_Driver/Src/stm32h7xx_hal_gpio.o
 .debug_line    0x0000000000009358      0xed2 ./Drivers/STM32H7xx_HAL_Driver/Src/stm32h7xx_hal_pwr_ex.o
 .debug_line    0x000000000000a22a     0x1388 ./Drivers/STM32H7xx_HAL_Driver/Src/stm32h7xx_hal_rcc.o
 .debug_line    0x000000000000b5b2     0x1c56 ./Drivers/STM32H7xx_HAL_Driver/Src/stm32h7xx_hal_rcc_ex.o

.debug_str      0x0000000000000000   0x15c0b0
 .debug_str     0x0000000000000000   0x1577ea ./Core/Src/main.o
                                     0x157cdb (size before relaxing)
 .debug_str     0x00000000001577ea      0xbfa ./Core/Src/stm32h7xx_hal_msp.o
                                     0x156542 (size before relaxing)
 .debug_str     0x00000000001583e4      0x10a ./Core/Src/stm32h7xx_it.o
                                     0x155736 (size before relaxing)
 .debug_str     0x00000000001584ee      0x33a ./Core/Src/system_stm32h7xx.o
                                     0x1556bc (size before relaxing)
 .debug_str     0x0000000000158828       0x36 ./Core/Startup/startup_stm32h750vbtx.o
                                         0x88 (size before relaxing)
 .debug_str     0x000000000015885e      0x340 ./Drivers/EEMProtocol/src/EEMProtocol.o
                                     0x1579e4 (size before relaxing)
 .debug_str     0x0000000000158b9e      0x13a ./Drivers/EEMProtocol/src/EEMProtocol_Config.o
                                     0x15775c (size before relaxing)
 .debug_str     0x0000000000158cd8      0x7ef ./Drivers/STM32H7xx_HAL_Driver/Src/stm32h7xx_hal.o
                                     0x1565e1 (size before relaxing)
 .debug_str     0x00000000001594c7      0x278 ./Drivers/STM32H7xx_HAL_Driver/Src/stm32h7xx_hal_cortex.o
                                     0x155fe4 (size before relaxing)
 .debug_str     0x000000000015973f     0x199a ./Drivers/STM32H7xx_HAL_Driver/Src/stm32h7xx_hal_fdcan.o
                                     0x1573aa (size before relaxing)
 .debug_str     0x000000000015b0d9      0x128 ./Drivers/STM32H7xx_HAL_Driver/Src/stm32h7xx_hal_gpio.o
                                     0x155673 (size before relaxing)
 .debug_str     0x000000000015b201      0x62e ./Drivers/STM32H7xx_HAL_Driver/Src/stm32h7xx_hal_pwr_ex.o
                                     0x155b34 (size before relaxing)
 .debug_str     0x000000000015b82f      0x22e ./Drivers/STM32H7xx_HAL_Driver/Src/stm32h7xx_hal_rcc.o
                                     0x155a57 (size before relaxing)
 .debug_str     0x000000000015ba5d      0x653 ./Drivers/STM32H7xx_HAL_Driver/Src/stm32h7xx_hal_rcc_ex.o
                                     0x155f38 (size before relaxing)

.comment        0x0000000000000000       0x50
 .comment       0x0000000000000000       0x50 ./Core/Src/main.o
                                         0x51 (size before relaxing)
 .comment       0x0000000000000050       0x51 ./Core/Src/stm32h7xx_hal_msp.o
 .comment       0x0000000000000050       0x51 ./Core/Src/stm32h7xx_it.o
 .comment       0x0000000000000050       0x51 ./Core/Src/system_stm32h7xx.o
 .comment       0x0000000000000050       0x51 ./Drivers/EEMProtocol/src/EEMProtocol.o
 .comment       0x0000000000000050       0x51 ./Drivers/EEMProtocol/src/EEMProtocol_Config.o
 .comment       0x0000000000000050       0x51 ./Drivers/STM32H7xx_HAL_Driver/Src/stm32h7xx_hal.o
 .comment       0x0000000000000050       0x51 ./Drivers/STM32H7xx_HAL_Driver/Src/stm32h7xx_hal_cortex.o
 .comment       0x0000000000000050       0x51 ./Drivers/STM32H7xx_HAL_Driver/Src/stm32h7xx_hal_fdcan.o
 .comment       0x0000000000000050       0x51 ./Drivers/STM32H7xx_HAL_Driver/Src/stm32h7xx_hal_gpio.o
 .comment       0x0000000000000050       0x51 ./Drivers/STM32H7xx_HAL_Driver/Src/stm32h7xx_hal_pwr_ex.o
 .comment       0x0000000000000050       0x51 ./Drivers/STM32H7xx_HAL_Driver/Src/stm32h7xx_hal_rcc.o
 .comment       0x0000000000000050       0x51 ./Drivers/STM32H7xx_HAL_Driver/Src/stm32h7xx_hal_rcc_ex.o

.debug_frame    0x0000000000000000     0x2cfc
 .debug_frame   0x0000000000000000      0x124 ./Core/Src/main.o
 .debug_frame   0x0000000000000124       0x84 ./Core/Src/stm32h7xx_hal_msp.o
 .debug_frame   0x00000000000001a8      0x13c ./Core/Src/stm32h7xx_it.o
 .debug_frame   0x00000000000002e4       0x58 ./Core/Src/system_stm32h7xx.o
 .debug_frame   0x000000000000033c      0x158 ./Drivers/EEMProtocol/src/EEMProtocol.o
 .debug_frame   0x0000000000000494       0x38 ./Drivers/EEMProtocol/src/EEMProtocol_Config.o
 .debug_frame   0x00000000000004cc      0x690 ./Drivers/STM32H7xx_HAL_Driver/Src/stm32h7xx_hal.o
 .debug_frame   0x0000000000000b5c      0x4b8 ./Drivers/STM32H7xx_HAL_Driver/Src/stm32h7xx_hal_cortex.o
 .debug_frame   0x0000000000001014      0xf9c ./Drivers/STM32H7xx_HAL_Driver/Src/stm32h7xx_hal_fdcan.o
 .debug_frame   0x0000000000001fb0      0x14c ./Drivers/STM32H7xx_HAL_Driver/Src/stm32h7xx_hal_gpio.o
 .debug_frame   0x00000000000020fc      0x580 ./Drivers/STM32H7xx_HAL_Driver/Src/stm32h7xx_hal_pwr_ex.o
 .debug_frame   0x000000000000267c      0x1f8 ./Drivers/STM32H7xx_HAL_Driver/Src/stm32h7xx_hal_rcc.o
 .debug_frame   0x0000000000002874      0x414 ./Drivers/STM32H7xx_HAL_Driver/Src/stm32h7xx_hal_rcc_ex.o
 .debug_frame   0x0000000000002c88       0x2c c:/st/stm32cubeide_1.11.2/stm32cubeide/plugins/com.st.stm32cube.ide.mcu.externaltools.gnu-tools-for-stm32.10.3-2021.10.win32_1.0.100.202210260954/tools/bin/../lib/gcc/arm-none-eabi/10.3.1/../../../../arm-none-eabi/lib/thumb/v7e-m+dp/hard\libc_nano.a(lib_a-init.o)
 .debug_frame   0x0000000000002cb4       0x28 c:/st/stm32cubeide_1.11.2/stm32cubeide/plugins/com.st.stm32cube.ide.mcu.externaltools.gnu-tools-for-stm32.10.3-2021.10.win32_1.0.100.202210260954/tools/bin/../lib/gcc/arm-none-eabi/10.3.1/../../../../arm-none-eabi/lib/thumb/v7e-m+dp/hard\libc_nano.a(lib_a-memcpy-stub.o)
 .debug_frame   0x0000000000002cdc       0x20 c:/st/stm32cubeide_1.11.2/stm32cubeide/plugins/com.st.stm32cube.ide.mcu.externaltools.gnu-tools-for-stm32.10.3-2021.10.win32_1.0.100.202210260954/tools/bin/../lib/gcc/arm-none-eabi/10.3.1/../../../../arm-none-eabi/lib/thumb/v7e-m+dp/hard\libc_nano.a(lib_a-memset.o)
